// Jest Snapshot v1, https://goo.gl/fbAQLP

exports[`Snapshot testing DriverItem component correct component view 1`] = `
<View
  style={
    {
      "alignItems": "center",
      "borderColor": "lightgrey",
      "flexDirection": "row",
    }
  }
>
  <View
    style={
      {
        "padding": 10,
        "width": 100,
      }
    }
  >
    <TouchableOpacity
      onPress={[Function]}
    >
      <Text
        style={
          {
            "color": "blue",
            "fontWeight": "bold",
          }
        }
      >
        Carlos Sainz
      </Text>
    </TouchableOpacity>
  </View>
  <View
    style={
      {
        "padding": 10,
        "width": 110,
      }
    }
  >
    <Text>
      01.09.1994
    </Text>
  </View>
  <View
    style={
      {
        "padding": 10,
        "width": 100,
      }
    }
  >
    <Text
      ellipsizeMode="tail"
      numberOfLines={1}
    >
      Spanish
    </Text>
  </View>
  <View
    style={
      {
        "minWidth": 60,
        "padding": 10,
      }
    }
  >
    <TouchableOpacity
      onPress={[Function]}
    >
      <Text
        numberOfLines={2}
        style={
          {
            "color": "blue",
            "textDecorationLine": "underline",
          }
        }
      >
        races
      </Text>
    </TouchableOpacity>
  </View>
</View>
`;
