// Jest Snapshot v1, https://goo.gl/fbAQLP

exports[`Snapshot testing NavigationButton component correct component view 1`] = `
<TouchableOpacity
  onPress={[Function]}
>
  <Text
    style={
      {
        "color": "blue",
        "fontSize": 25,
        "paddingHorizontal": 10,
      }
    }
  >
    &lt;
  </Text>
</TouchableOpacity>
`;
